[14:52:41] [Server thread/INFO]: Starting minecraft server version 1.12.1
[14:52:41] [Server thread/INFO]: Loading properties
[14:52:42] [Server thread/INFO]: Default game type: SURVIVAL
[14:52:42] [Server thread/INFO]: This server is running CraftBukkit version git-Spigot-da42974-8f47214 (MC: 1.12.1) (Implementing API version 1.12.1-R0.1-SNAPSHOT)
[14:52:42] [Server thread/INFO]: Debug logging is disabled
[14:52:42] [Server thread/INFO]: Server Ping Player Sample Count: 12

[14:52:42] [Server thread/INFO]: Using 4 threads for Netty based IO
[14:52:42] [Server thread/INFO]: Generating keypair
[14:52:43] [Server thread/INFO]: Starting Minecraft server on *:25565
[14:52:43] [Server thread/INFO]: Using epoll channel type
[14:52:43] [Server thread/INFO]: Set PluginClassLoader as parallel capable
[14:52:43] [Server thread/INFO]: [WorldEdit] Loading WorldEdit v6.1.8-SNAPSHOT;cd4729f
[14:52:43] [Server thread/INFO]: [RaspberryJuice] Loading RaspberryJuice v1.12.1
[14:52:43] [Server thread/INFO]: **** Beginning UUID conversion, this may take A LONG time ****
[14:52:43] [Server thread/INFO]: Preparing level "world"
[14:52:43] [Server thread/INFO]: -------- World Settings For [world] --------
[14:52:43] [Server thread/INFO]: Cactus Growth Modifier: 100%
[14:52:43] [Server thread/INFO]: Cane Growth Modifier: 100%
[14:52:43] [Server thread/INFO]: Melon Growth Modifier: 100%
[14:52:43] [Server thread/INFO]: Mushroom Growth Modifier: 100%
[14:52:43] [Server thread/INFO]: Pumpkin Growth Modifier: 100%
[14:52:43] [Server thread/INFO]: Sapling Growth Modifier: 100%
[14:52:43] [Server thread/INFO]: Wheat Growth Modifier: 100%
[14:52:43] [Server thread/INFO]: NetherWart Growth Modifier: 100%
[14:52:43] [Server thread/INFO]: Vine Growth Modifier: 100%
[14:52:43] [Server thread/INFO]: Cocoa Growth Modifier: 100%
[14:52:43] [Server thread/INFO]: Mob Spawn Range: 4
[14:52:43] [Server thread/INFO]: Entity Activation Range: An 32 / Mo 32 / Mi 16
[14:52:43] [Server thread/INFO]: Entity Tracking Range: Pl 48 / An 48 / Mo 48 / Mi 32 / Other 64
[14:52:43] [Server thread/INFO]: Hopper Transfer: 8 Hopper Check: 1 Hopper Amount: 1
[14:52:43] [Server thread/INFO]: Random Lighting Updates: false
[14:52:43] [Server thread/INFO]: Structure Info Saving: true
[14:52:43] [Server thread/INFO]: Custom Map Seeds:  Village: 10387312 Feature: 14357617 Monument: 10387313 Slime: 987234911
[14:52:43] [Server thread/INFO]: Max TNT Explosions: 100
[14:52:43] [Server thread/INFO]: Tile Max Tick Time: 50ms Entity max Tick Time: 50ms
[14:52:43] [Server thread/INFO]: Allow Zombie Pigmen to spawn from portal blocks: true
[14:52:43] [Server thread/INFO]: Item Despawn Rate: 6000
[14:52:43] [Server thread/INFO]: Item Merge Radius: 2.5
[14:52:43] [Server thread/INFO]: Arrow Despawn Rate: 1200
[14:52:43] [Server thread/INFO]: View Distance: 10
[14:52:43] [Server thread/INFO]: Experience Merge Radius: 3.0
[14:52:43] [Server thread/INFO]: Zombie Aggressive Towards Villager: true
[14:52:43] [Server thread/INFO]: Nerfing mobs spawned from spawners: false
[14:52:44] [Server thread/INFO]: -------- World Settings For [world_nether] --------
[14:52:44] [Server thread/INFO]: Cactus Growth Modifier: 100%
[14:52:44] [Server thread/INFO]: Cane Growth Modifier: 100%
[14:52:44] [Server thread/INFO]: Melon Growth Modifier: 100%
[14:52:44] [Server thread/INFO]: Mushroom Growth Modifier: 100%
[14:52:44] [Server thread/INFO]: Pumpkin Growth Modifier: 100%
[14:52:44] [Server thread/INFO]: Sapling Growth Modifier: 100%
[14:52:44] [Server thread/INFO]: Wheat Growth Modifier: 100%
[14:52:44] [Server thread/INFO]: NetherWart Growth Modifier: 100%
[14:52:44] [Server thread/INFO]: Vine Growth Modifier: 100%
[14:52:44] [Server thread/INFO]: Cocoa Growth Modifier: 100%
[14:52:44] [Server thread/INFO]: Mob Spawn Range: 4
[14:52:44] [Server thread/INFO]: Entity Activation Range: An 32 / Mo 32 / Mi 16
[14:52:44] [Server thread/INFO]: Entity Tracking Range: Pl 48 / An 48 / Mo 48 / Mi 32 / Other 64
[14:52:44] [Server thread/INFO]: Hopper Transfer: 8 Hopper Check: 1 Hopper Amount: 1
[14:52:44] [Server thread/INFO]: Random Lighting Updates: false
[14:52:44] [Server thread/INFO]: Structure Info Saving: true
[14:52:44] [Server thread/INFO]: Custom Map Seeds:  Village: 10387312 Feature: 14357617 Monument: 10387313 Slime: 987234911
[14:52:44] [Server thread/INFO]: Max TNT Explosions: 100
[14:52:44] [Server thread/INFO]: Tile Max Tick Time: 50ms Entity max Tick Time: 50ms
[14:52:44] [Server thread/INFO]: Allow Zombie Pigmen to spawn from portal blocks: true
[14:52:44] [Server thread/INFO]: Item Despawn Rate: 6000
[14:52:44] [Server thread/INFO]: Item Merge Radius: 2.5
[14:52:44] [Server thread/INFO]: Arrow Despawn Rate: 1200
[14:52:44] [Server thread/INFO]: View Distance: 10
[14:52:44] [Server thread/INFO]: Experience Merge Radius: 3.0
[14:52:44] [Server thread/INFO]: Zombie Aggressive Towards Villager: true
[14:52:44] [Server thread/INFO]: Nerfing mobs spawned from spawners: false
[14:52:44] [Server thread/INFO]: -------- World Settings For [world_the_end] --------
[14:52:44] [Server thread/INFO]: Cactus Growth Modifier: 100%
[14:52:44] [Server thread/INFO]: Cane Growth Modifier: 100%
[14:52:44] [Server thread/INFO]: Melon Growth Modifier: 100%
[14:52:44] [Server thread/INFO]: Mushroom Growth Modifier: 100%
[14:52:44] [Server thread/INFO]: Pumpkin Growth Modifier: 100%
[14:52:44] [Server thread/INFO]: Sapling Growth Modifier: 100%
[14:52:44] [Server thread/INFO]: Wheat Growth Modifier: 100%
[14:52:44] [Server thread/INFO]: NetherWart Growth Modifier: 100%
[14:52:44] [Server thread/INFO]: Vine Growth Modifier: 100%
[14:52:44] [Server thread/INFO]: Cocoa Growth Modifier: 100%
[14:52:44] [Server thread/INFO]: Mob Spawn Range: 4
[14:52:44] [Server thread/INFO]: Entity Activation Range: An 32 / Mo 32 / Mi 16
[14:52:44] [Server thread/INFO]: Entity Tracking Range: Pl 48 / An 48 / Mo 48 / Mi 32 / Other 64
[14:52:44] [Server thread/INFO]: Hopper Transfer: 8 Hopper Check: 1 Hopper Amount: 1
[14:52:44] [Server thread/INFO]: Random Lighting Updates: false
[14:52:44] [Server thread/INFO]: Structure Info Saving: true
[14:52:44] [Server thread/INFO]: Custom Map Seeds:  Village: 10387312 Feature: 14357617 Monument: 10387313 Slime: 987234911
[14:52:44] [Server thread/INFO]: Max TNT Explosions: 100
[14:52:44] [Server thread/INFO]: Tile Max Tick Time: 50ms Entity max Tick Time: 50ms
[14:52:44] [Server thread/INFO]: Allow Zombie Pigmen to spawn from portal blocks: true
[14:52:44] [Server thread/INFO]: Item Despawn Rate: 6000
[14:52:44] [Server thread/INFO]: Item Merge Radius: 2.5
[14:52:44] [Server thread/INFO]: Arrow Despawn Rate: 1200
[14:52:44] [Server thread/INFO]: View Distance: 10
[14:52:44] [Server thread/INFO]: Experience Merge Radius: 3.0
[14:52:44] [Server thread/INFO]: Zombie Aggressive Towards Villager: true
[14:52:44] [Server thread/INFO]: Nerfing mobs spawned from spawners: false
[14:52:45] [Server thread/INFO]: Preparing start region for level 0 (Seed: -4450422999732871807)
[14:52:46] [Server thread/INFO]: Preparing spawn area: 0%
[14:52:47] [Server thread/INFO]: Preparing spawn area: 20%
[14:52:48] [Server thread/INFO]: Preparing spawn area: 54%
[14:52:49] [Server thread/INFO]: Preparing start region for level 1 (Seed: 855079713024034047)
[14:52:50] [Server thread/INFO]: Preparing spawn area: 52%
[14:52:50] [Server thread/INFO]: Preparing start region for level 2 (Seed: 855079713024034047)
[14:52:51] [Server thread/INFO]: [WorldEdit] Enabling WorldEdit v6.1.8-SNAPSHOT;cd4729f
[14:52:52] [Server thread/INFO]: WEPIF: Using the Bukkit Permissions API.
[14:52:52] [Server thread/INFO]: [WorldEdit] Using com.sk89q.worldedit.bukkit.adapter.impl.Spigot_v1_12_R2 as the Bukkit adapter
[14:52:52] [Server thread/WARN]: [WorldEdit] WorldEdit has detected you are using Java 7 (based on detected version 21.0.8).
[14:52:52] [Server thread/WARN]: [WorldEdit] WorldEdit will stop supporting Java less than version 8 in the future, due to Java 7 being EOL since April 2015. Please update your server to Java 8.
[14:52:52] [Server thread/INFO]: [RaspberryJuice] Enabling RaspberryJuice v1.12.1
[14:52:52] [Server thread/INFO]: [RaspberryJuice] Using host:port - 0.0.0.0:4711
[14:52:52] [Server thread/INFO]: [RaspberryJuice] Using RELATIVE locations
[14:52:52] [Server thread/INFO]: [RaspberryJuice] Using RIGHT clicks for hits
[14:52:52] [Server thread/INFO]: [RaspberryJuice] ThreadListener Started
[14:52:52] [Server thread/INFO]: Server permissions file permissions.yml is empty, ignoring it
[14:52:52] [Server thread/INFO]: Done (8,704s)! For help, type "help" or "?"
[14:53:09] [User Authenticator #1/INFO]: UUID of player Minepluie is cf7af86a-2813-4d28-9214-fca6c7fb89ea
[14:53:10] [Server thread/INFO]: Welcome Minepluie

[14:53:10] [Server thread/INFO]: Minepluie[/127.0.0.1:32968] logged in with entity id 88 at ([world]186.39919744955182, 62.0, 271.78025631570534)
[14:53:10] [Thread-5/INFO]: [RaspberryJuice] Opened connection to/127.0.0.1:39554.
[14:53:10] [Thread-6/INFO]: [RaspberryJuice] Starting input thread
[14:53:10] [Thread-7/INFO]: [RaspberryJuice] Starting output thread!
[14:53:10] [Server thread/INFO]: 🎃 Chasse aux bonbons lancée !

[14:54:40] [Server thread/INFO]: 🍬 Bonbon récupéré !

[14:55:10] [Server thread/INFO]: 🍬 Bonbon récupéré !

[14:55:14] [Server thread/INFO]: 🍬 Bonbon récupéré !

[14:55:18] [Server thread/INFO]: 🍬 Bonbon récupéré !

[14:57:50] [Server thread/INFO]: 🍬 Bonbon récupéré !

[14:57:57] [Server thread/INFO]: 🍬 Bonbon récupéré !

[14:57:59] [Server thread/INFO]: 🍬 Bonbon récupéré !

[14:59:08] [Server thread/INFO]: 🍬 Bonbon récupéré !

[14:59:24] [Server thread/INFO]: 🍬 Bonbon récupéré !

[14:59:40] [Server thread/INFO]: 🍬 Bonbon récupéré !

[14:59:40] [Server thread/INFO]: 🎉 Vous avez tout trouvé !

[14:59:52] [Server thread/INFO]: 🏆 Tu as gagné ! Félicitations 🎃

[14:59:53] [Server thread/INFO]: [RaspberryJuice] Closed connection to/127.0.0.1:39554.
[15:00:09] [Server thread/INFO]: Minepluie lost connection: Disconnected
[15:00:09] [Server thread/INFO]: Minepluie left the game
[15:00:13] [Thread-1/INFO]: Stopping server
