[22:48:11 INFO]: Stopping server
Loading libraries, please wait...
[22:51:57 INFO]: Starting minecraft server version 1.12.1
[22:51:57 INFO]: Loading properties
[22:51:57 INFO]: Default game type: SURVIVAL
[22:51:57 INFO]: This server is running CraftBukkit version git-Spigot-da42974-8f47214 (MC: 1.12.1) (Implementing API version 1.12.1-R0.1-SNAPSHOT)
[22:51:57 INFO]: Debug logging is disabled
[22:51:57 INFO]: Server Ping Player Sample Count: 12

[22:51:57 INFO]: Using 4 threads for Netty based IO
[22:51:57 INFO]: Generating keypair
[22:51:58 INFO]: Starting Minecraft server on *:25565
[22:51:58 INFO]: Using epoll channel type
[22:51:58 INFO]: Set PluginClassLoader as parallel capable
[22:51:58 INFO]: [RaspberryJuice] Loading RaspberryJuice v1.12.1
[22:51:58 INFO]: **** Beginning UUID conversion, this may take A LONG time ****
[22:51:58 INFO]: Preparing level "world"
[22:51:58 INFO]: -------- World Settings For [world] --------
[22:51:58 INFO]: Cactus Growth Modifier: 100%
[22:51:58 INFO]: Cane Growth Modifier: 100%
[22:51:58 INFO]: Melon Growth Modifier: 100%
[22:51:58 INFO]: Mushroom Growth Modifier: 100%
[22:51:58 INFO]: Pumpkin Growth Modifier: 100%
[22:51:58 INFO]: Sapling Growth Modifier: 100%
[22:51:58 INFO]: Wheat Growth Modifier: 100%
[22:51:58 INFO]: NetherWart Growth Modifier: 100%
[22:51:58 INFO]: Vine Growth Modifier: 100%
[22:51:58 INFO]: Cocoa Growth Modifier: 100%
[22:51:58 INFO]: Mob Spawn Range: 4
[22:51:58 INFO]: Entity Activation Range: An 32 / Mo 32 / Mi 16
[22:51:58 INFO]: Entity Tracking Range: Pl 48 / An 48 / Mo 48 / Mi 32 / Other 64
[22:51:58 INFO]: Hopper Transfer: 8 Hopper Check: 1 Hopper Amount: 1
[22:51:58 INFO]: Random Lighting Updates: false
[22:51:58 INFO]: Structure Info Saving: true
[22:51:58 INFO]: Custom Map Seeds:  Village: 10387312 Feature: 14357617 Monument: 10387313 Slime: 987234911
[22:51:58 INFO]: Max TNT Explosions: 100
[22:51:58 INFO]: Tile Max Tick Time: 50ms Entity max Tick Time: 50ms
[22:51:58 INFO]: Allow Zombie Pigmen to spawn from portal blocks: true
[22:51:58 INFO]: Item Despawn Rate: 6000
[22:51:58 INFO]: Item Merge Radius: 2.5
[22:51:58 INFO]: Arrow Despawn Rate: 1200
[22:51:58 INFO]: View Distance: 10
[22:51:58 INFO]: Experience Merge Radius: 3.0
[22:51:58 INFO]: Zombie Aggressive Towards Villager: true
[22:51:58 INFO]: Nerfing mobs spawned from spawners: false
[22:51:59 INFO]: -------- World Settings For [world_nether] --------
[22:51:59 INFO]: Cactus Growth Modifier: 100%
[22:51:59 INFO]: Cane Growth Modifier: 100%
[22:51:59 INFO]: Melon Growth Modifier: 100%
[22:51:59 INFO]: Mushroom Growth Modifier: 100%
[22:51:59 INFO]: Pumpkin Growth Modifier: 100%
[22:51:59 INFO]: Sapling Growth Modifier: 100%
[22:51:59 INFO]: Wheat Growth Modifier: 100%
[22:51:59 INFO]: NetherWart Growth Modifier: 100%
[22:51:59 INFO]: Vine Growth Modifier: 100%
[22:51:59 INFO]: Cocoa Growth Modifier: 100%
[22:51:59 INFO]: Mob Spawn Range: 4
[22:51:59 INFO]: Entity Activation Range: An 32 / Mo 32 / Mi 16
[22:51:59 INFO]: Entity Tracking Range: Pl 48 / An 48 / Mo 48 / Mi 32 / Other 64
[22:51:59 INFO]: Hopper Transfer: 8 Hopper Check: 1 Hopper Amount: 1
[22:51:59 INFO]: Random Lighting Updates: false
[22:51:59 INFO]: Structure Info Saving: true
[22:51:59 INFO]: Custom Map Seeds:  Village: 10387312 Feature: 14357617 Monument: 10387313 Slime: 987234911
[22:51:59 INFO]: Max TNT Explosions: 100
[22:51:59 INFO]: Tile Max Tick Time: 50ms Entity max Tick Time: 50ms
[22:51:59 INFO]: Allow Zombie Pigmen to spawn from portal blocks: true
[22:51:59 INFO]: Item Despawn Rate: 6000
[22:51:59 INFO]: Item Merge Radius: 2.5
[22:51:59 INFO]: Arrow Despawn Rate: 1200
[22:51:59 INFO]: View Distance: 10
[22:51:59 INFO]: Experience Merge Radius: 3.0
[22:51:59 INFO]: Zombie Aggressive Towards Villager: true
[22:51:59 INFO]: Nerfing mobs spawned from spawners: false
[22:51:59 INFO]: -------- World Settings For [world_the_end] --------
[22:51:59 INFO]: Cactus Growth Modifier: 100%
[22:51:59 INFO]: Cane Growth Modifier: 100%
[22:51:59 INFO]: Melon Growth Modifier: 100%
[22:51:59 INFO]: Mushroom Growth Modifier: 100%
[22:51:59 INFO]: Pumpkin Growth Modifier: 100%
[22:51:59 INFO]: Sapling Growth Modifier: 100%
[22:51:59 INFO]: Wheat Growth Modifier: 100%
[22:51:59 INFO]: NetherWart Growth Modifier: 100%
[22:51:59 INFO]: Vine Growth Modifier: 100%
[22:51:59 INFO]: Cocoa Growth Modifier: 100%
[22:51:59 INFO]: Mob Spawn Range: 4
[22:51:59 INFO]: Entity Activation Range: An 32 / Mo 32 / Mi 16
[22:51:59 INFO]: Entity Tracking Range: Pl 48 / An 48 / Mo 48 / Mi 32 / Other 64
[22:51:59 INFO]: Hopper Transfer: 8 Hopper Check: 1 Hopper Amount: 1
[22:51:59 INFO]: Random Lighting Updates: false
[22:51:59 INFO]: Structure Info Saving: true
[22:51:59 INFO]: Custom Map Seeds:  Village: 10387312 Feature: 14357617 Monument: 10387313 Slime: 987234911
[22:51:59 INFO]: Max TNT Explosions: 100
[22:51:59 INFO]: Tile Max Tick Time: 50ms Entity max Tick Time: 50ms
[22:51:59 INFO]: Allow Zombie Pigmen to spawn from portal blocks: true
[22:51:59 INFO]: Item Despawn Rate: 6000
[22:51:59 INFO]: Item Merge Radius: 2.5
[22:51:59 INFO]: Arrow Despawn Rate: 1200
[22:51:59 INFO]: View Distance: 10
[22:51:59 INFO]: Experience Merge Radius: 3.0
[22:51:59 INFO]: Zombie Aggressive Towards Villager: true
[22:51:59 INFO]: Nerfing mobs spawned from spawners: false
[22:52:00 INFO]: Preparing start region for level 0 (Seed: -4450422999732871807)
[22:52:01 INFO]: Preparing spawn area: 1%
[22:52:02 INFO]: Preparing spawn area: 33%
[22:52:03 INFO]: Preparing spawn area: 75%
[22:52:03 INFO]: Preparing start region for level 1 (Seed: 2837984339041364250)
[22:52:04 INFO]: Preparing spawn area: 61%
[22:52:04 INFO]: Preparing start region for level 2 (Seed: 2837984339041364250)
[22:52:05 INFO]: [RaspberryJuice] Enabling RaspberryJuice v1.12.1
[22:52:05 INFO]: [RaspberryJuice] Using host:port - 0.0.0.0:4711
[22:52:05 INFO]: [RaspberryJuice] Using RELATIVE locations
[22:52:05 INFO]: [RaspberryJuice] Using RIGHT clicks for hits
[22:52:05 INFO]: [RaspberryJuice] ThreadListener Started
[22:52:05 INFO]: Server permissions file permissions.yml is empty, ignoring it
[22:52:05 INFO]: Done (6,347s)! For help, type "help" or "?"
2025-10-28 22:52:10,751 Snooper Timer WARN Unable to register Log4j shutdown hook because JVM is shutting down. Using SimpleLogger
Loading libraries, please wait...
[22:53:48 INFO]: Starting minecraft server version 1.12.1
[22:53:48 INFO]: Loading properties
[22:53:48 INFO]: Default game type: SPECTATOR
[22:53:48 INFO]: This server is running CraftBukkit version git-Spigot-da42974-8f47214 (MC: 1.12.1) (Implementing API version 1.12.1-R0.1-SNAPSHOT)
[22:53:48 INFO]: Debug logging is disabled
[22:53:48 INFO]: Server Ping Player Sample Count: 12

[22:53:48 INFO]: Using 4 threads for Netty based IO
[22:53:48 INFO]: Generating keypair
[22:53:49 INFO]: Starting Minecraft server on *:25565
[22:53:49 INFO]: Using epoll channel type
[22:53:49 INFO]: Set PluginClassLoader as parallel capable
[22:53:49 INFO]: [RaspberryJuice] Loading RaspberryJuice v1.12.1
[22:53:49 INFO]: **** Beginning UUID conversion, this may take A LONG time ****
[22:53:49 INFO]: Preparing level "world"
[22:53:49 INFO]: -------- World Settings For [world] --------
[22:53:49 INFO]: Cactus Growth Modifier: 100%
[22:53:49 INFO]: Cane Growth Modifier: 100%
[22:53:49 INFO]: Melon Growth Modifier: 100%
[22:53:49 INFO]: Mushroom Growth Modifier: 100%
[22:53:49 INFO]: Pumpkin Growth Modifier: 100%
[22:53:49 INFO]: Sapling Growth Modifier: 100%
[22:53:49 INFO]: Wheat Growth Modifier: 100%
[22:53:49 INFO]: NetherWart Growth Modifier: 100%
[22:53:49 INFO]: Vine Growth Modifier: 100%
[22:53:49 INFO]: Cocoa Growth Modifier: 100%
[22:53:49 INFO]: Mob Spawn Range: 4
[22:53:49 INFO]: Entity Activation Range: An 32 / Mo 32 / Mi 16
[22:53:49 INFO]: Entity Tracking Range: Pl 48 / An 48 / Mo 48 / Mi 32 / Other 64
[22:53:49 INFO]: Hopper Transfer: 8 Hopper Check: 1 Hopper Amount: 1
[22:53:49 INFO]: Random Lighting Updates: false
[22:53:49 INFO]: Structure Info Saving: true
[22:53:49 INFO]: Custom Map Seeds:  Village: 10387312 Feature: 14357617 Monument: 10387313 Slime: 987234911
[22:53:49 INFO]: Max TNT Explosions: 100
[22:53:49 INFO]: Tile Max Tick Time: 50ms Entity max Tick Time: 50ms
[22:53:49 INFO]: Allow Zombie Pigmen to spawn from portal blocks: true
[22:53:49 INFO]: Item Despawn Rate: 6000
[22:53:49 INFO]: Item Merge Radius: 2.5
[22:53:49 INFO]: Arrow Despawn Rate: 1200
[22:53:49 INFO]: View Distance: 10
[22:53:49 INFO]: Experience Merge Radius: 3.0
[22:53:49 INFO]: Zombie Aggressive Towards Villager: true
[22:53:49 INFO]: Nerfing mobs spawned from spawners: false
[22:53:50 INFO]: -------- World Settings For [world_nether] --------
[22:53:50 INFO]: Cactus Growth Modifier: 100%
[22:53:50 INFO]: Cane Growth Modifier: 100%
[22:53:50 INFO]: Melon Growth Modifier: 100%
[22:53:50 INFO]: Mushroom Growth Modifier: 100%
[22:53:50 INFO]: Pumpkin Growth Modifier: 100%
[22:53:50 INFO]: Sapling Growth Modifier: 100%
[22:53:50 INFO]: Wheat Growth Modifier: 100%
[22:53:50 INFO]: NetherWart Growth Modifier: 100%
[22:53:50 INFO]: Vine Growth Modifier: 100%
[22:53:50 INFO]: Cocoa Growth Modifier: 100%
[22:53:50 INFO]: Mob Spawn Range: 4
[22:53:50 INFO]: Entity Activation Range: An 32 / Mo 32 / Mi 16
[22:53:50 INFO]: Entity Tracking Range: Pl 48 / An 48 / Mo 48 / Mi 32 / Other 64
[22:53:50 INFO]: Hopper Transfer: 8 Hopper Check: 1 Hopper Amount: 1
[22:53:50 INFO]: Random Lighting Updates: false
[22:53:50 INFO]: Structure Info Saving: true
[22:53:50 INFO]: Custom Map Seeds:  Village: 10387312 Feature: 14357617 Monument: 10387313 Slime: 987234911
[22:53:50 INFO]: Max TNT Explosions: 100
[22:53:50 INFO]: Tile Max Tick Time: 50ms Entity max Tick Time: 50ms
[22:53:50 INFO]: Allow Zombie Pigmen to spawn from portal blocks: true
[22:53:50 INFO]: Item Despawn Rate: 6000
[22:53:50 INFO]: Item Merge Radius: 2.5
[22:53:50 INFO]: Arrow Despawn Rate: 1200
[22:53:50 INFO]: View Distance: 10
[22:53:50 INFO]: Experience Merge Radius: 3.0
[22:53:50 INFO]: Zombie Aggressive Towards Villager: true
[22:53:50 INFO]: Nerfing mobs spawned from spawners: false
[22:53:51 INFO]: -------- World Settings For [world_the_end] --------
[22:53:51 INFO]: Cactus Growth Modifier: 100%
[22:53:51 INFO]: Cane Growth Modifier: 100%
[22:53:51 INFO]: Melon Growth Modifier: 100%
[22:53:51 INFO]: Mushroom Growth Modifier: 100%
[22:53:51 INFO]: Pumpkin Growth Modifier: 100%
[22:53:51 INFO]: Sapling Growth Modifier: 100%
[22:53:51 INFO]: Wheat Growth Modifier: 100%
[22:53:51 INFO]: NetherWart Growth Modifier: 100%
[22:53:51 INFO]: Vine Growth Modifier: 100%
[22:53:51 INFO]: Cocoa Growth Modifier: 100%
[22:53:51 INFO]: Mob Spawn Range: 4
[22:53:51 INFO]: Entity Activation Range: An 32 / Mo 32 / Mi 16
[22:53:51 INFO]: Entity Tracking Range: Pl 48 / An 48 / Mo 48 / Mi 32 / Other 64
[22:53:51 INFO]: Hopper Transfer: 8 Hopper Check: 1 Hopper Amount: 1
[22:53:51 INFO]: Random Lighting Updates: false
[22:53:51 INFO]: Structure Info Saving: true
[22:53:51 INFO]: Custom Map Seeds:  Village: 10387312 Feature: 14357617 Monument: 10387313 Slime: 987234911
[22:53:51 INFO]: Max TNT Explosions: 100
[22:53:51 INFO]: Tile Max Tick Time: 50ms Entity max Tick Time: 50ms
[22:53:51 INFO]: Allow Zombie Pigmen to spawn from portal blocks: true
[22:53:51 INFO]: Item Despawn Rate: 6000
[22:53:51 INFO]: Item Merge Radius: 2.5
[22:53:51 INFO]: Arrow Despawn Rate: 1200
[22:53:51 INFO]: View Distance: 10
[22:53:51 INFO]: Experience Merge Radius: 3.0
[22:53:51 INFO]: Zombie Aggressive Towards Villager: true
[22:53:51 INFO]: Nerfing mobs spawned from spawners: false
[22:53:51 INFO]: Preparing start region for level 0 (Seed: -4450422999732871807)
[22:53:52 INFO]: Preparing spawn area: 0%
[22:53:53 INFO]: Preparing spawn area: 16%
[22:53:54 INFO]: Preparing spawn area: 39%
[22:53:55 INFO]: Preparing spawn area: 75%
[22:53:56 INFO]: Preparing start region for level 1 (Seed: 2837984339041364250)
[22:53:57 INFO]: Preparing spawn area: 72%
[22:53:57 INFO]: Preparing start region for level 2 (Seed: 2837984339041364250)
[22:53:57 INFO]: [RaspberryJuice] Enabling RaspberryJuice v1.12.1
[22:53:57 INFO]: [RaspberryJuice] Using host:port - 0.0.0.0:4711
[22:53:57 INFO]: [RaspberryJuice] Using RELATIVE locations
[22:53:57 INFO]: [RaspberryJuice] Using RIGHT clicks for hits
[22:53:57 INFO]: [RaspberryJuice] ThreadListener Started
[22:53:57 INFO]: Server permissions file permissions.yml is empty, ignoring it
[22:53:57 INFO]: Done (8,135s)! For help, type "help" or "?"
[22:53:59 INFO]: UUID of player Minepluie is cf7af86a-2813-4d28-9214-fca6c7fb89ea
[22:53:59 INFO]: Welcome Minepluie

[22:54:00 INFO]: Minepluie[/127.0.0.1:50342] logged in with entity id 38 at ([world]183.30000001192093, 63.0, 274.69999998807907)
[22:54:00 INFO]: [RaspberryJuice] Starting input thread
[22:54:00 INFO]: [RaspberryJuice] Opened connection to/127.0.0.1:43618.
[22:54:00 INFO]: [RaspberryJuice] Starting output thread!
[22:54:00 INFO]: 🎃 Chasse aux bonbons lancée !

[22:54:12 INFO]: Minepluie issued server command: /gamemode
[22:54:22 INFO]: Opped Minepluie
[22:54:27 INFO]: Minepluie issued server command: /gamemode
[22:54:45 INFO]: Minepluie lost connection: Disconnected
[22:54:45 INFO]: Minepluie left the game
[22:55:04 INFO]: Stopping server
[22:55:04 INFO]: [RaspberryJuice] Disabling RaspberryJuice v1.12.1
Loading libraries, please wait...
[22:55:35 INFO]: Starting minecraft server version 1.12.1
[22:55:35 INFO]: Loading properties
[22:55:35 INFO]: Default game type: CREATIVE
[22:55:35 INFO]: This server is running CraftBukkit version git-Spigot-da42974-8f47214 (MC: 1.12.1) (Implementing API version 1.12.1-R0.1-SNAPSHOT)
[22:55:35 INFO]: Debug logging is disabled
[22:55:35 INFO]: Server Ping Player Sample Count: 12

[22:55:35 INFO]: Using 4 threads for Netty based IO
[22:55:35 INFO]: Generating keypair
[22:55:36 INFO]: Starting Minecraft server on *:25565
[22:55:36 INFO]: Using epoll channel type
[22:55:36 INFO]: Set PluginClassLoader as parallel capable
[22:55:36 INFO]: [RaspberryJuice] Loading RaspberryJuice v1.12.1
[22:55:36 INFO]: **** Beginning UUID conversion, this may take A LONG time ****
[22:55:36 INFO]: Preparing level "world"
[22:55:36 INFO]: -------- World Settings For [world] --------
[22:55:36 INFO]: Cactus Growth Modifier: 100%
[22:55:36 INFO]: Cane Growth Modifier: 100%
[22:55:36 INFO]: Melon Growth Modifier: 100%
[22:55:36 INFO]: Mushroom Growth Modifier: 100%
[22:55:36 INFO]: Pumpkin Growth Modifier: 100%
[22:55:36 INFO]: Sapling Growth Modifier: 100%
[22:55:36 INFO]: Wheat Growth Modifier: 100%
[22:55:36 INFO]: NetherWart Growth Modifier: 100%
[22:55:36 INFO]: Vine Growth Modifier: 100%
[22:55:36 INFO]: Cocoa Growth Modifier: 100%
[22:55:36 INFO]: Mob Spawn Range: 4
[22:55:36 INFO]: Entity Activation Range: An 32 / Mo 32 / Mi 16
[22:55:36 INFO]: Entity Tracking Range: Pl 48 / An 48 / Mo 48 / Mi 32 / Other 64
[22:55:36 INFO]: Hopper Transfer: 8 Hopper Check: 1 Hopper Amount: 1
[22:55:36 INFO]: Random Lighting Updates: false
[22:55:36 INFO]: Structure Info Saving: true
[22:55:36 INFO]: Custom Map Seeds:  Village: 10387312 Feature: 14357617 Monument: 10387313 Slime: 987234911
[22:55:36 INFO]: Max TNT Explosions: 100
[22:55:36 INFO]: Tile Max Tick Time: 50ms Entity max Tick Time: 50ms
[22:55:36 INFO]: Allow Zombie Pigmen to spawn from portal blocks: true
[22:55:36 INFO]: Item Despawn Rate: 6000
[22:55:36 INFO]: Item Merge Radius: 2.5
[22:55:36 INFO]: Arrow Despawn Rate: 1200
[22:55:36 INFO]: View Distance: 10
[22:55:36 INFO]: Experience Merge Radius: 3.0
[22:55:36 INFO]: Zombie Aggressive Towards Villager: true
[22:55:36 INFO]: Nerfing mobs spawned from spawners: false
[22:55:37 INFO]: -------- World Settings For [world_nether] --------
[22:55:37 INFO]: Cactus Growth Modifier: 100%
[22:55:37 INFO]: Cane Growth Modifier: 100%
[22:55:37 INFO]: Melon Growth Modifier: 100%
[22:55:37 INFO]: Mushroom Growth Modifier: 100%
[22:55:37 INFO]: Pumpkin Growth Modifier: 100%
[22:55:37 INFO]: Sapling Growth Modifier: 100%
[22:55:37 INFO]: Wheat Growth Modifier: 100%
[22:55:37 INFO]: NetherWart Growth Modifier: 100%
[22:55:37 INFO]: Vine Growth Modifier: 100%
[22:55:37 INFO]: Cocoa Growth Modifier: 100%
[22:55:37 INFO]: Mob Spawn Range: 4
[22:55:37 INFO]: Entity Activation Range: An 32 / Mo 32 / Mi 16
[22:55:37 INFO]: Entity Tracking Range: Pl 48 / An 48 / Mo 48 / Mi 32 / Other 64
[22:55:37 INFO]: Hopper Transfer: 8 Hopper Check: 1 Hopper Amount: 1
[22:55:37 INFO]: Random Lighting Updates: false
[22:55:37 INFO]: Structure Info Saving: true
[22:55:37 INFO]: Custom Map Seeds:  Village: 10387312 Feature: 14357617 Monument: 10387313 Slime: 987234911
[22:55:37 INFO]: Max TNT Explosions: 100
[22:55:37 INFO]: Tile Max Tick Time: 50ms Entity max Tick Time: 50ms
[22:55:37 INFO]: Allow Zombie Pigmen to spawn from portal blocks: true
[22:55:37 INFO]: Item Despawn Rate: 6000
[22:55:37 INFO]: Item Merge Radius: 2.5
[22:55:37 INFO]: Arrow Despawn Rate: 1200
[22:55:37 INFO]: View Distance: 10
[22:55:37 INFO]: Experience Merge Radius: 3.0
[22:55:37 INFO]: Zombie Aggressive Towards Villager: true
[22:55:37 INFO]: Nerfing mobs spawned from spawners: false
[22:55:37 INFO]: -------- World Settings For [world_the_end] --------
[22:55:37 INFO]: Cactus Growth Modifier: 100%
[22:55:37 INFO]: Cane Growth Modifier: 100%
[22:55:37 INFO]: Melon Growth Modifier: 100%
[22:55:37 INFO]: Mushroom Growth Modifier: 100%
[22:55:37 INFO]: Pumpkin Growth Modifier: 100%
[22:55:37 INFO]: Sapling Growth Modifier: 100%
[22:55:37 INFO]: Wheat Growth Modifier: 100%
[22:55:37 INFO]: NetherWart Growth Modifier: 100%
[22:55:37 INFO]: Vine Growth Modifier: 100%
[22:55:37 INFO]: Cocoa Growth Modifier: 100%
[22:55:37 INFO]: Mob Spawn Range: 4
[22:55:37 INFO]: Entity Activation Range: An 32 / Mo 32 / Mi 16
[22:55:37 INFO]: Entity Tracking Range: Pl 48 / An 48 / Mo 48 / Mi 32 / Other 64
[22:55:37 INFO]: Hopper Transfer: 8 Hopper Check: 1 Hopper Amount: 1
[22:55:37 INFO]: Random Lighting Updates: false
[22:55:37 INFO]: Structure Info Saving: true
[22:55:37 INFO]: Custom Map Seeds:  Village: 10387312 Feature: 14357617 Monument: 10387313 Slime: 987234911
[22:55:37 INFO]: Max TNT Explosions: 100
[22:55:37 INFO]: Tile Max Tick Time: 50ms Entity max Tick Time: 50ms
[22:55:37 INFO]: Allow Zombie Pigmen to spawn from portal blocks: true
[22:55:37 INFO]: Item Despawn Rate: 6000
[22:55:37 INFO]: Item Merge Radius: 2.5
[22:55:37 INFO]: Arrow Despawn Rate: 1200
[22:55:37 INFO]: View Distance: 10
[22:55:37 INFO]: Experience Merge Radius: 3.0
[22:55:37 INFO]: Zombie Aggressive Towards Villager: true
[22:55:37 INFO]: Nerfing mobs spawned from spawners: false
[22:55:37 INFO]: Preparing start region for level 0 (Seed: -4450422999732871807)
[22:55:38 INFO]: Preparing spawn area: 2%
[22:55:39 INFO]: Preparing spawn area: 21%
[22:55:40 INFO]: Preparing spawn area: 61%
[22:55:41 INFO]: Preparing start region for level 1 (Seed: 2837984339041364250)
[22:55:42 INFO]: Preparing spawn area: 61%
[22:55:42 INFO]: UUID of player Minepluie is cf7af86a-2813-4d28-9214-fca6c7fb89ea
[22:55:42 INFO]: Preparing start region for level 2 (Seed: 2837984339041364250)
[22:55:43 INFO]: [RaspberryJuice] Enabling RaspberryJuice v1.12.1
[22:55:43 INFO]: [RaspberryJuice] Using host:port - 0.0.0.0:4711
[22:55:43 INFO]: [RaspberryJuice] Using RELATIVE locations
[22:55:43 INFO]: [RaspberryJuice] Using RIGHT clicks for hits
[22:55:43 INFO]: [RaspberryJuice] ThreadListener Started
[22:55:43 INFO]: Server permissions file permissions.yml is empty, ignoring it
[22:55:43 INFO]: Done (6,604s)! For help, type "help" or "?"
[22:55:43 INFO]: Welcome Minepluie

[22:55:43 INFO]: Minepluie[/127.0.0.1:42836] logged in with entity id 39 at ([world]221.02123214380603, 64.61754327369701, 254.98304325900688)
[22:55:44 INFO]: [RaspberryJuice] Starting input thread
[22:55:44 INFO]: [RaspberryJuice] Starting output thread!
[22:55:44 INFO]: [RaspberryJuice] Opened connection to/127.0.0.1:50528.
[22:55:44 INFO]: 🎃 Chasse aux bonbons lancée !

[22:56:10 INFO]: Stopping server
2025-10-28 22:56:10,357 Server thread WARN Unable to register Log4j shutdown hook because JVM is shutting down. Using SimpleLogger
Loading libraries, please wait...
[22:56:21 INFO]: Starting minecraft server version 1.12.1
[22:56:21 INFO]: Loading properties
[22:56:21 INFO]: Default game type: CREATIVE
[22:56:21 INFO]: This server is running CraftBukkit version git-Spigot-da42974-8f47214 (MC: 1.12.1) (Implementing API version 1.12.1-R0.1-SNAPSHOT)
[22:56:21 WARN]: Unable to read file ops.json, backing it up to {0}.backup and creating new copy.
com.google.gson.JsonParseException: java.io.EOFException: End of input at line 1 column 1 path $
	at net.minecraft.server.v1_12_R1.ChatDeserializer.a(SourceFile:506) ~[spigot.jar:git-Spigot-da42974-8f47214]
	at net.minecraft.server.v1_12_R1.ChatDeserializer.a(SourceFile:522) ~[spigot.jar:git-Spigot-da42974-8f47214]
	at net.minecraft.server.v1_12_R1.JsonList.load(JsonList.java:174) ~[spigot.jar:git-Spigot-da42974-8f47214]
	at net.minecraft.server.v1_12_R1.DedicatedPlayerList.B(SourceFile:107) ~[spigot.jar:git-Spigot-da42974-8f47214]
	at net.minecraft.server.v1_12_R1.DedicatedPlayerList.<init>(SourceFile:29) ~[spigot.jar:git-Spigot-da42974-8f47214]
	at net.minecraft.server.v1_12_R1.DedicatedServer.init(DedicatedServer.java:183) ~[spigot.jar:git-Spigot-da42974-8f47214]
	at net.minecraft.server.v1_12_R1.MinecraftServer.run(MinecraftServer.java:545) ~[spigot.jar:git-Spigot-da42974-8f47214]
	at java.lang.Thread.run(Thread.java:1583) [?:?]
Caused by: java.io.EOFException: End of input at line 1 column 1 path $
	at com.google.gson.stream.JsonReader.nextNonWhitespace(JsonReader.java:1393) ~[spigot.jar:git-Spigot-da42974-8f47214]
	at com.google.gson.stream.JsonReader.doPeek(JsonReader.java:549) ~[spigot.jar:git-Spigot-da42974-8f47214]
	at com.google.gson.stream.JsonReader.peek(JsonReader.java:425) ~[spigot.jar:git-Spigot-da42974-8f47214]
	at com.google.gson.internal.bind.CollectionTypeAdapterFactory$Adapter.read(CollectionTypeAdapterFactory.java:74) ~[spigot.jar:git-Spigot-da42974-8f47214]
	at com.google.gson.internal.bind.CollectionTypeAdapterFactory$Adapter.read(CollectionTypeAdapterFactory.java:61) ~[spigot.jar:git-Spigot-da42974-8f47214]
	at net.minecraft.server.v1_12_R1.ChatDeserializer.a(SourceFile:504) ~[spigot.jar:git-Spigot-da42974-8f47214]
	... 7 more
[22:56:21 INFO]: Debug logging is disabled
[22:56:21 INFO]: Server Ping Player Sample Count: 12

[22:56:21 INFO]: Using 4 threads for Netty based IO
[22:56:21 INFO]: Generating keypair
[22:56:22 INFO]: Starting Minecraft server on *:25565
[22:56:22 INFO]: Using epoll channel type
[22:56:22 INFO]: Set PluginClassLoader as parallel capable
[22:56:22 INFO]: [RaspberryJuice] Loading RaspberryJuice v1.12.1
[22:56:22 INFO]: **** Beginning UUID conversion, this may take A LONG time ****
[22:56:22 INFO]: Preparing level "world"
[22:56:22 INFO]: -------- World Settings For [world] --------
[22:56:22 INFO]: Cactus Growth Modifier: 100%
[22:56:22 INFO]: Cane Growth Modifier: 100%
[22:56:22 INFO]: Melon Growth Modifier: 100%
[22:56:22 INFO]: Mushroom Growth Modifier: 100%
[22:56:22 INFO]: Pumpkin Growth Modifier: 100%
[22:56:22 INFO]: Sapling Growth Modifier: 100%
[22:56:22 INFO]: Wheat Growth Modifier: 100%
[22:56:22 INFO]: NetherWart Growth Modifier: 100%
[22:56:22 INFO]: Vine Growth Modifier: 100%
[22:56:22 INFO]: Cocoa Growth Modifier: 100%
[22:56:22 INFO]: Mob Spawn Range: 4
[22:56:22 INFO]: Entity Activation Range: An 32 / Mo 32 / Mi 16
[22:56:22 INFO]: Entity Tracking Range: Pl 48 / An 48 / Mo 48 / Mi 32 / Other 64
[22:56:22 INFO]: Hopper Transfer: 8 Hopper Check: 1 Hopper Amount: 1
[22:56:22 INFO]: Random Lighting Updates: false
[22:56:22 INFO]: Structure Info Saving: true
[22:56:22 INFO]: Custom Map Seeds:  Village: 10387312 Feature: 14357617 Monument: 10387313 Slime: 987234911
[22:56:22 INFO]: Max TNT Explosions: 100
[22:56:22 INFO]: Tile Max Tick Time: 50ms Entity max Tick Time: 50ms
[22:56:22 INFO]: Allow Zombie Pigmen to spawn from portal blocks: true
[22:56:22 INFO]: Item Despawn Rate: 6000
[22:56:22 INFO]: Item Merge Radius: 2.5
[22:56:22 INFO]: Arrow Despawn Rate: 1200
[22:56:22 INFO]: View Distance: 10
[22:56:22 INFO]: Experience Merge Radius: 3.0
[22:56:22 INFO]: Zombie Aggressive Towards Villager: true
[22:56:22 INFO]: Nerfing mobs spawned from spawners: false
[22:56:23 INFO]: -------- World Settings For [world_nether] --------
[22:56:23 INFO]: Cactus Growth Modifier: 100%
[22:56:23 INFO]: Cane Growth Modifier: 100%
[22:56:23 INFO]: Melon Growth Modifier: 100%
[22:56:23 INFO]: Mushroom Growth Modifier: 100%
[22:56:23 INFO]: Pumpkin Growth Modifier: 100%
[22:56:23 INFO]: Sapling Growth Modifier: 100%
[22:56:23 INFO]: Wheat Growth Modifier: 100%
[22:56:23 INFO]: NetherWart Growth Modifier: 100%
[22:56:23 INFO]: Vine Growth Modifier: 100%
[22:56:23 INFO]: Cocoa Growth Modifier: 100%
[22:56:23 INFO]: Mob Spawn Range: 4
[22:56:23 INFO]: Entity Activation Range: An 32 / Mo 32 / Mi 16
[22:56:23 INFO]: Entity Tracking Range: Pl 48 / An 48 / Mo 48 / Mi 32 / Other 64
[22:56:23 INFO]: Hopper Transfer: 8 Hopper Check: 1 Hopper Amount: 1
[22:56:23 INFO]: Random Lighting Updates: false
[22:56:23 INFO]: Structure Info Saving: true
[22:56:23 INFO]: Custom Map Seeds:  Village: 10387312 Feature: 14357617 Monument: 10387313 Slime: 987234911
[22:56:23 INFO]: Max TNT Explosions: 100
[22:56:23 INFO]: Tile Max Tick Time: 50ms Entity max Tick Time: 50ms
[22:56:23 INFO]: Allow Zombie Pigmen to spawn from portal blocks: true
[22:56:23 INFO]: Item Despawn Rate: 6000
[22:56:23 INFO]: Item Merge Radius: 2.5
[22:56:23 INFO]: Arrow Despawn Rate: 1200
[22:56:23 INFO]: View Distance: 10
[22:56:23 INFO]: Experience Merge Radius: 3.0
[22:56:23 INFO]: Zombie Aggressive Towards Villager: true
[22:56:23 INFO]: Nerfing mobs spawned from spawners: false
[22:56:24 INFO]: -------- World Settings For [world_the_end] --------
[22:56:24 INFO]: Cactus Growth Modifier: 100%
[22:56:24 INFO]: Cane Growth Modifier: 100%
[22:56:24 INFO]: Melon Growth Modifier: 100%
[22:56:24 INFO]: Mushroom Growth Modifier: 100%
[22:56:24 INFO]: Pumpkin Growth Modifier: 100%
[22:56:24 INFO]: Sapling Growth Modifier: 100%
[22:56:24 INFO]: Wheat Growth Modifier: 100%
[22:56:24 INFO]: NetherWart Growth Modifier: 100%
[22:56:24 INFO]: Vine Growth Modifier: 100%
[22:56:24 INFO]: Cocoa Growth Modifier: 100%
[22:56:24 INFO]: Mob Spawn Range: 4
[22:56:24 INFO]: Entity Activation Range: An 32 / Mo 32 / Mi 16
[22:56:24 INFO]: Entity Tracking Range: Pl 48 / An 48 / Mo 48 / Mi 32 / Other 64
[22:56:24 INFO]: Hopper Transfer: 8 Hopper Check: 1 Hopper Amount: 1
[22:56:24 INFO]: Random Lighting Updates: false
[22:56:24 INFO]: Structure Info Saving: true
[22:56:24 INFO]: Custom Map Seeds:  Village: 10387312 Feature: 14357617 Monument: 10387313 Slime: 987234911
[22:56:24 INFO]: Max TNT Explosions: 100
[22:56:24 INFO]: Tile Max Tick Time: 50ms Entity max Tick Time: 50ms
[22:56:24 INFO]: Allow Zombie Pigmen to spawn from portal blocks: true
[22:56:24 INFO]: Item Despawn Rate: 6000
[22:56:24 INFO]: Item Merge Radius: 2.5
[22:56:24 INFO]: Arrow Despawn Rate: 1200
[22:56:24 INFO]: View Distance: 10
[22:56:24 INFO]: Experience Merge Radius: 3.0
[22:56:24 INFO]: Zombie Aggressive Towards Villager: true
[22:56:24 INFO]: Nerfing mobs spawned from spawners: false
[22:56:24 INFO]: Preparing start region for level 0 (Seed: -4450422999732871807)
[22:56:25 INFO]: Preparing spawn area: 0%
[22:56:26 INFO]: Preparing spawn area: 23%
[22:56:27 INFO]: Preparing spawn area: 54%
[22:56:28 INFO]: Preparing start region for level 1 (Seed: 2837984339041364250)
[22:56:28 INFO]: UUID of player Minepluie is cf7af86a-2813-4d28-9214-fca6c7fb89ea
[22:56:29 INFO]: Preparing spawn area: 72%
[22:56:29 INFO]: Preparing start region for level 2 (Seed: 2837984339041364250)
[22:56:29 INFO]: [RaspberryJuice] Enabling RaspberryJuice v1.12.1
[22:56:29 INFO]: [RaspberryJuice] Using host:port - 0.0.0.0:4711
[22:56:29 INFO]: [RaspberryJuice] Using RELATIVE locations
[22:56:29 INFO]: [RaspberryJuice] Using RIGHT clicks for hits
[22:56:29 INFO]: [RaspberryJuice] ThreadListener Started
[22:56:29 INFO]: Server permissions file permissions.yml is empty, ignoring it
[22:56:29 INFO]: Done (7,222s)! For help, type "help" or "?"
[22:56:30 INFO]: Welcome Minepluie

[22:56:30 INFO]: Minepluie[/127.0.0.1:57700] logged in with entity id 39 at ([world]215.0, 62.0, 255.0)
[22:56:31 INFO]: [RaspberryJuice] Starting input thread
[22:56:31 INFO]: [RaspberryJuice] Opened connection to/127.0.0.1:46362.
[22:56:31 INFO]: [RaspberryJuice] Starting output thread!
[22:56:31 INFO]: 🎃 Chasse aux bonbons lancée !

[22:56:46 INFO]: Set Minepluie's game mode to Creative Mode
[22:56:52 INFO]: Set Minepluie's game mode to Adventure Mode
Loading libraries, please wait...
[22:57:14 INFO]: Starting minecraft server version 1.12.1
[22:57:14 INFO]: Loading properties
[22:57:14 INFO]: Default game type: CREATIVE
[22:57:14 INFO]: This server is running CraftBukkit version git-Spigot-da42974-8f47214 (MC: 1.12.1) (Implementing API version 1.12.1-R0.1-SNAPSHOT)
[22:57:14 INFO]: Debug logging is disabled
[22:57:14 INFO]: Server Ping Player Sample Count: 12

[22:57:14 INFO]: Using 4 threads for Netty based IO
[22:57:14 INFO]: Generating keypair
[22:57:15 INFO]: Starting Minecraft server on *:25565
[22:57:15 INFO]: Using epoll channel type
[22:57:15 INFO]: Set PluginClassLoader as parallel capable
[22:57:15 INFO]: [RaspberryJuice] Loading RaspberryJuice v1.12.1
[22:57:15 INFO]: **** Beginning UUID conversion, this may take A LONG time ****
[22:57:15 INFO]: Preparing level "world"
[22:57:15 INFO]: -------- World Settings For [world] --------
[22:57:15 INFO]: Cactus Growth Modifier: 100%
[22:57:15 INFO]: Cane Growth Modifier: 100%
[22:57:15 INFO]: Melon Growth Modifier: 100%
[22:57:15 INFO]: Mushroom Growth Modifier: 100%
[22:57:15 INFO]: Pumpkin Growth Modifier: 100%
[22:57:15 INFO]: Sapling Growth Modifier: 100%
[22:57:15 INFO]: Wheat Growth Modifier: 100%
[22:57:15 INFO]: NetherWart Growth Modifier: 100%
[22:57:15 INFO]: Vine Growth Modifier: 100%
[22:57:15 INFO]: Cocoa Growth Modifier: 100%
[22:57:15 INFO]: Mob Spawn Range: 4
[22:57:15 INFO]: Entity Activation Range: An 32 / Mo 32 / Mi 16
[22:57:15 INFO]: Entity Tracking Range: Pl 48 / An 48 / Mo 48 / Mi 32 / Other 64
[22:57:15 INFO]: Hopper Transfer: 8 Hopper Check: 1 Hopper Amount: 1
[22:57:15 INFO]: Random Lighting Updates: false
[22:57:15 INFO]: Structure Info Saving: true
[22:57:15 INFO]: Custom Map Seeds:  Village: 10387312 Feature: 14357617 Monument: 10387313 Slime: 987234911
[22:57:15 INFO]: Max TNT Explosions: 100
[22:57:15 INFO]: Tile Max Tick Time: 50ms Entity max Tick Time: 50ms
[22:57:15 INFO]: Allow Zombie Pigmen to spawn from portal blocks: true
[22:57:15 INFO]: Item Despawn Rate: 6000
[22:57:15 INFO]: Item Merge Radius: 2.5
[22:57:15 INFO]: Arrow Despawn Rate: 1200
[22:57:15 INFO]: View Distance: 10
[22:57:15 INFO]: Experience Merge Radius: 3.0
[22:57:15 INFO]: Zombie Aggressive Towards Villager: true
[22:57:15 INFO]: Nerfing mobs spawned from spawners: false
[22:57:16 INFO]: -------- World Settings For [world_nether] --------
[22:57:16 INFO]: Cactus Growth Modifier: 100%
[22:57:16 INFO]: Cane Growth Modifier: 100%
[22:57:16 INFO]: Melon Growth Modifier: 100%
[22:57:16 INFO]: Mushroom Growth Modifier: 100%
[22:57:16 INFO]: Pumpkin Growth Modifier: 100%
[22:57:16 INFO]: Sapling Growth Modifier: 100%
[22:57:16 INFO]: Wheat Growth Modifier: 100%
[22:57:16 INFO]: NetherWart Growth Modifier: 100%
[22:57:16 INFO]: Vine Growth Modifier: 100%
[22:57:16 INFO]: Cocoa Growth Modifier: 100%
[22:57:16 INFO]: Mob Spawn Range: 4
[22:57:16 INFO]: Entity Activation Range: An 32 / Mo 32 / Mi 16
[22:57:16 INFO]: Entity Tracking Range: Pl 48 / An 48 / Mo 48 / Mi 32 / Other 64
[22:57:16 INFO]: Hopper Transfer: 8 Hopper Check: 1 Hopper Amount: 1
[22:57:16 INFO]: Random Lighting Updates: false
[22:57:16 INFO]: Structure Info Saving: true
[22:57:16 INFO]: Custom Map Seeds:  Village: 10387312 Feature: 14357617 Monument: 10387313 Slime: 987234911
[22:57:16 INFO]: Max TNT Explosions: 100
[22:57:16 INFO]: Tile Max Tick Time: 50ms Entity max Tick Time: 50ms
[22:57:16 INFO]: Allow Zombie Pigmen to spawn from portal blocks: true
[22:57:16 INFO]: Item Despawn Rate: 6000
[22:57:16 INFO]: Item Merge Radius: 2.5
[22:57:16 INFO]: Arrow Despawn Rate: 1200
[22:57:16 INFO]: View Distance: 10
[22:57:16 INFO]: Experience Merge Radius: 3.0
[22:57:16 INFO]: Zombie Aggressive Towards Villager: true
[22:57:16 INFO]: Nerfing mobs spawned from spawners: false
[22:57:16 INFO]: -------- World Settings For [world_the_end] --------
[22:57:16 INFO]: Cactus Growth Modifier: 100%
[22:57:16 INFO]: Cane Growth Modifier: 100%
[22:57:16 INFO]: Melon Growth Modifier: 100%
[22:57:16 INFO]: Mushroom Growth Modifier: 100%
[22:57:16 INFO]: Pumpkin Growth Modifier: 100%
[22:57:16 INFO]: Sapling Growth Modifier: 100%
[22:57:16 INFO]: Wheat Growth Modifier: 100%
[22:57:16 INFO]: NetherWart Growth Modifier: 100%
[22:57:16 INFO]: Vine Growth Modifier: 100%
[22:57:16 INFO]: Cocoa Growth Modifier: 100%
[22:57:16 INFO]: Mob Spawn Range: 4
[22:57:16 INFO]: Entity Activation Range: An 32 / Mo 32 / Mi 16
[22:57:16 INFO]: Entity Tracking Range: Pl 48 / An 48 / Mo 48 / Mi 32 / Other 64
[22:57:16 INFO]: Hopper Transfer: 8 Hopper Check: 1 Hopper Amount: 1
[22:57:16 INFO]: Random Lighting Updates: false
[22:57:16 INFO]: Structure Info Saving: true
[22:57:16 INFO]: Custom Map Seeds:  Village: 10387312 Feature: 14357617 Monument: 10387313 Slime: 987234911
[22:57:16 INFO]: Max TNT Explosions: 100
[22:57:16 INFO]: Tile Max Tick Time: 50ms Entity max Tick Time: 50ms
[22:57:16 INFO]: Allow Zombie Pigmen to spawn from portal blocks: true
[22:57:16 INFO]: Item Despawn Rate: 6000
[22:57:16 INFO]: Item Merge Radius: 2.5
[22:57:16 INFO]: Arrow Despawn Rate: 1200
[22:57:16 INFO]: View Distance: 10
[22:57:16 INFO]: Experience Merge Radius: 3.0
[22:57:16 INFO]: Zombie Aggressive Towards Villager: true
[22:57:16 INFO]: Nerfing mobs spawned from spawners: false
[22:57:16 INFO]: Preparing start region for level 0 (Seed: -4450422999732871807)
[22:57:17 INFO]: Preparing spawn area: 1%
[22:57:18 INFO]: Preparing spawn area: 36%
[22:57:19 INFO]: Preparing spawn area: 76%
[22:57:20 INFO]: Preparing start region for level 1 (Seed: 2837984339041364250)
[22:57:21 INFO]: Preparing spawn area: 86%
[22:57:21 INFO]: Preparing start region for level 2 (Seed: 2837984339041364250)
[22:57:21 INFO]: [RaspberryJuice] Enabling RaspberryJuice v1.12.1
[22:57:21 INFO]: [RaspberryJuice] Using host:port - 0.0.0.0:4711
[22:57:21 INFO]: [RaspberryJuice] Using RELATIVE locations
[22:57:21 INFO]: [RaspberryJuice] Using RIGHT clicks for hits
[22:57:21 INFO]: [RaspberryJuice] ThreadListener Started
[22:57:21 INFO]: Server permissions file permissions.yml is empty, ignoring it
[22:57:21 INFO]: Done (5,907s)! For help, type "help" or "?"
[22:57:27 INFO]: UUID of player Minepluie is cf7af86a-2813-4d28-9214-fca6c7fb89ea
[22:57:27 INFO]: Welcome Minepluie

[22:57:28 INFO]: Minepluie[/127.0.0.1:38402] logged in with entity id 39 at ([world]215.0, 62.0, 255.0)
[22:57:28 INFO]: [RaspberryJuice] Opened connection to/127.0.0.1:45380.
[22:57:28 INFO]: [RaspberryJuice] Starting output thread!
[22:57:28 INFO]: [RaspberryJuice] Starting input thread
[22:57:28 INFO]: 🎃 Chasse aux bonbons lancée !

[22:57:47 INFO]: Stopping server
Loading libraries, please wait...
[22:57:58 INFO]: Starting minecraft server version 1.12.1
[22:57:58 INFO]: Loading properties
[22:57:58 INFO]: Default game type: ADVENTURE
[22:57:58 INFO]: This server is running CraftBukkit version git-Spigot-da42974-8f47214 (MC: 1.12.1) (Implementing API version 1.12.1-R0.1-SNAPSHOT)
[22:57:58 INFO]: Debug logging is disabled
[22:57:58 INFO]: Server Ping Player Sample Count: 12

[22:57:59 INFO]: Using 4 threads for Netty based IO
[22:57:59 INFO]: Generating keypair
[22:57:59 INFO]: Starting Minecraft server on *:25565
[22:57:59 INFO]: Using epoll channel type
[22:57:59 INFO]: Set PluginClassLoader as parallel capable
[22:57:59 INFO]: [RaspberryJuice] Loading RaspberryJuice v1.12.1
[22:57:59 INFO]: **** Beginning UUID conversion, this may take A LONG time ****
[22:57:59 INFO]: Preparing level "world"
[22:57:59 INFO]: -------- World Settings For [world] --------
[22:58:00 INFO]: Entity Activation Range: An 32 / Mo 32 / Mi 16
[22:58:00 INFO]: Entity Tracking Range: Pl 48 / An 48 / Mo 48 / Mi 32 / Other 64
[22:58:00 INFO]: Hopper Transfer: 8 Hopper Check: 1 Hopper Amount: 1
[22:58:00 INFO]: Random Lighting Updates: false
[22:58:00 INFO]: Structure Info Saving: true
[22:58:00 INFO]: Custom Map Seeds:  Village: 10387312 Feature: 14357617 Monument: 10387313 Slime: 987234911
[22:58:00 INFO]: Max TNT Explosions: 100
[22:58:00 INFO]: Tile Max Tick Time: 50ms Entity max Tick Time: 50ms
[22:58:00 INFO]: Cactus Growth Modifier: 100%
[22:58:00 INFO]: Cane Growth Modifier: 100%
[22:58:00 INFO]: Melon Growth Modifier: 100%
[22:58:00 INFO]: Mushroom Growth Modifier: 100%
[22:58:00 INFO]: Pumpkin Growth Modifier: 100%
[22:58:00 INFO]: Sapling Growth Modifier: 100%
[22:58:00 INFO]: Wheat Growth Modifier: 100%
[22:58:00 INFO]: NetherWart Growth Modifier: 100%
[22:58:00 INFO]: Vine Growth Modifier: 100%
[22:58:00 INFO]: Cocoa Growth Modifier: 100%
[22:58:00 INFO]: Mob Spawn Range: 4
[22:58:00 INFO]: Allow Zombie Pigmen to spawn from portal blocks: true
[22:58:00 INFO]: Item Despawn Rate: 6000
[22:58:00 INFO]: Item Merge Radius: 2.5
[22:58:00 INFO]: Arrow Despawn Rate: 1200
[22:58:00 INFO]: View Distance: 10
[22:58:00 INFO]: Experience Merge Radius: 3.0
[22:58:00 INFO]: Zombie Aggressive Towards Villager: true
[22:58:00 INFO]: Nerfing mobs spawned from spawners: false
[22:58:00 INFO]: -------- World Settings For [world_nether] --------
[22:58:00 INFO]: Entity Activation Range: An 32 / Mo 32 / Mi 16
[22:58:00 INFO]: Entity Tracking Range: Pl 48 / An 48 / Mo 48 / Mi 32 / Other 64
[22:58:00 INFO]: Hopper Transfer: 8 Hopper Check: 1 Hopper Amount: 1
[22:58:00 INFO]: Random Lighting Updates: false
[22:58:00 INFO]: Structure Info Saving: true
[22:58:00 INFO]: Custom Map Seeds:  Village: 10387312 Feature: 14357617 Monument: 10387313 Slime: 987234911
[22:58:00 INFO]: Max TNT Explosions: 100
[22:58:00 INFO]: Tile Max Tick Time: 50ms Entity max Tick Time: 50ms
[22:58:00 INFO]: Cactus Growth Modifier: 100%
[22:58:00 INFO]: Cane Growth Modifier: 100%
[22:58:00 INFO]: Melon Growth Modifier: 100%
[22:58:00 INFO]: Mushroom Growth Modifier: 100%
[22:58:00 INFO]: Pumpkin Growth Modifier: 100%
[22:58:00 INFO]: Sapling Growth Modifier: 100%
[22:58:00 INFO]: Wheat Growth Modifier: 100%
[22:58:00 INFO]: NetherWart Growth Modifier: 100%
[22:58:00 INFO]: Vine Growth Modifier: 100%
[22:58:00 INFO]: Cocoa Growth Modifier: 100%
[22:58:00 INFO]: Mob Spawn Range: 4
[22:58:00 INFO]: Allow Zombie Pigmen to spawn from portal blocks: true
[22:58:00 INFO]: Item Despawn Rate: 6000
[22:58:00 INFO]: Item Merge Radius: 2.5
[22:58:00 INFO]: Arrow Despawn Rate: 1200
[22:58:00 INFO]: View Distance: 10
[22:58:00 INFO]: Experience Merge Radius: 3.0
[22:58:00 INFO]: Zombie Aggressive Towards Villager: true
[22:58:00 INFO]: Nerfing mobs spawned from spawners: false
[22:58:00 INFO]: -------- World Settings For [world_the_end] --------
[22:58:00 INFO]: Entity Activation Range: An 32 / Mo 32 / Mi 16
[22:58:00 INFO]: Entity Tracking Range: Pl 48 / An 48 / Mo 48 / Mi 32 / Other 64
[22:58:00 INFO]: Hopper Transfer: 8 Hopper Check: 1 Hopper Amount: 1
[22:58:00 INFO]: Random Lighting Updates: false
[22:58:00 INFO]: Structure Info Saving: true
[22:58:00 INFO]: Custom Map Seeds:  Village: 10387312 Feature: 14357617 Monument: 10387313 Slime: 987234911
[22:58:00 INFO]: Max TNT Explosions: 100
[22:58:00 INFO]: Tile Max Tick Time: 50ms Entity max Tick Time: 50ms
[22:58:00 INFO]: Cactus Growth Modifier: 100%
[22:58:00 INFO]: Cane Growth Modifier: 100%
[22:58:00 INFO]: Melon Growth Modifier: 100%
[22:58:00 INFO]: Mushroom Growth Modifier: 100%
[22:58:00 INFO]: Pumpkin Growth Modifier: 100%
[22:58:00 INFO]: Sapling Growth Modifier: 100%
[22:58:00 INFO]: Wheat Growth Modifier: 100%
[22:58:00 INFO]: NetherWart Growth Modifier: 100%
[22:58:00 INFO]: Vine Growth Modifier: 100%
[22:58:00 INFO]: Cocoa Growth Modifier: 100%
[22:58:00 INFO]: Mob Spawn Range: 4
[22:58:00 INFO]: Allow Zombie Pigmen to spawn from portal blocks: true
[22:58:00 INFO]: Item Despawn Rate: 6000
[22:58:00 INFO]: Item Merge Radius: 2.5
[22:58:00 INFO]: Arrow Despawn Rate: 1200
[22:58:00 INFO]: View Distance: 10
[22:58:00 INFO]: Experience Merge Radius: 3.0
[22:58:00 INFO]: Zombie Aggressive Towards Villager: true
[22:58:00 INFO]: Nerfing mobs spawned from spawners: false
[22:58:01 INFO]: Preparing start region for level 0 (Seed: -4450422999732871807)
[22:58:02 INFO]: Preparing spawn area: 1%
[22:58:03 INFO]: Preparing spawn area: 39%
[22:58:04 INFO]: Preparing spawn area: 90%
[22:58:04 INFO]: Preparing start region for level 1 (Seed: 2837984339041364250)
[22:58:05 INFO]: Preparing spawn area: 73%
[22:58:05 INFO]: Preparing start region for level 2 (Seed: 2837984339041364250)
[22:58:05 INFO]: [RaspberryJuice] Enabling RaspberryJuice v1.12.1
[22:58:05 INFO]: [RaspberryJuice] Using host:port - 0.0.0.0:4711
[22:58:05 INFO]: [RaspberryJuice] Using RELATIVE locations
[22:58:05 INFO]: [RaspberryJuice] Using RIGHT clicks for hits
[22:58:05 INFO]: [RaspberryJuice] ThreadListener Started
[22:58:05 INFO]: Server permissions file permissions.yml is empty, ignoring it
[22:58:05 INFO]: Done (5,940s)! For help, type "help" or "?"
[22:58:34 INFO]: UUID of player Minepluie is cf7af86a-2813-4d28-9214-fca6c7fb89ea
[22:58:34 INFO]: Welcome Minepluie

[22:58:35 INFO]: Minepluie[/127.0.0.1:51292] logged in with entity id 39 at ([world]215.0, 62.0, 255.0)
[22:58:35 INFO]: [RaspberryJuice] Starting input thread
[22:58:35 INFO]: [RaspberryJuice] Opened connection to/127.0.0.1:48292.
[22:58:35 INFO]: [RaspberryJuice] Starting output thread!
[22:58:35 INFO]: 🎃 Chasse aux bonbons lancée !

[22:58:42 INFO]: [@: The block couldn't be placed]
[22:58:43 INFO]: [@: The block couldn't be placed]
[22:58:43 INFO]: [@: The block couldn't be placed]
[22:58:58 INFO]: [@: The block couldn't be placed]
[22:58:58 INFO]: [@: The block couldn't be placed]
[22:59:30 INFO]: Set Minepluie's game mode to Creative Mode
[22:59:47 INFO]: Opped Minepluie
[23:00:14 INFO]: Stopping server
2025-10-28 23:00:14,442 Server thread WARN Unable to register Log4j shutdown hook because JVM is shutting down. Using SimpleLogger
Loading libraries, please wait...
[23:00:39 INFO]: Starting minecraft server version 1.12.1
[23:00:39 INFO]: Loading properties
[23:00:39 INFO]: Default game type: ADVENTURE
[23:00:39 INFO]: This server is running CraftBukkit version git-Spigot-da42974-8f47214 (MC: 1.12.1) (Implementing API version 1.12.1-R0.1-SNAPSHOT)
[23:00:39 WARN]: Unable to read file ops.json, backing it up to {0}.backup and creating new copy.
com.google.gson.JsonParseException: java.io.EOFException: End of input at line 1 column 1 path $
	at net.minecraft.server.v1_12_R1.ChatDeserializer.a(SourceFile:506) ~[spigot.jar:git-Spigot-da42974-8f47214]
	at net.minecraft.server.v1_12_R1.ChatDeserializer.a(SourceFile:522) ~[spigot.jar:git-Spigot-da42974-8f47214]
	at net.minecraft.server.v1_12_R1.JsonList.load(JsonList.java:174) ~[spigot.jar:git-Spigot-da42974-8f47214]
	at net.minecraft.server.v1_12_R1.DedicatedPlayerList.B(SourceFile:107) ~[spigot.jar:git-Spigot-da42974-8f47214]
	at net.minecraft.server.v1_12_R1.DedicatedPlayerList.<init>(SourceFile:29) ~[spigot.jar:git-Spigot-da42974-8f47214]
	at net.minecraft.server.v1_12_R1.DedicatedServer.init(DedicatedServer.java:183) ~[spigot.jar:git-Spigot-da42974-8f47214]
	at net.minecraft.server.v1_12_R1.MinecraftServer.run(MinecraftServer.java:545) ~[spigot.jar:git-Spigot-da42974-8f47214]
	at java.lang.Thread.run(Thread.java:1583) [?:?]
Caused by: java.io.EOFException: End of input at line 1 column 1 path $
	at com.google.gson.stream.JsonReader.nextNonWhitespace(JsonReader.java:1393) ~[spigot.jar:git-Spigot-da42974-8f47214]
	at com.google.gson.stream.JsonReader.doPeek(JsonReader.java:549) ~[spigot.jar:git-Spigot-da42974-8f47214]
	at com.google.gson.stream.JsonReader.peek(JsonReader.java:425) ~[spigot.jar:git-Spigot-da42974-8f47214]
	at com.google.gson.internal.bind.CollectionTypeAdapterFactory$Adapter.read(CollectionTypeAdapterFactory.java:74) ~[spigot.jar:git-Spigot-da42974-8f47214]
	at com.google.gson.internal.bind.CollectionTypeAdapterFactory$Adapter.read(CollectionTypeAdapterFactory.java:61) ~[spigot.jar:git-Spigot-da42974-8f47214]
	at net.minecraft.server.v1_12_R1.ChatDeserializer.a(SourceFile:504) ~[spigot.jar:git-Spigot-da42974-8f47214]
	... 7 more
[23:00:39 INFO]: Debug logging is disabled
[23:00:39 INFO]: Server Ping Player Sample Count: 12

[23:00:39 INFO]: Using 4 threads for Netty based IO
[23:00:40 INFO]: Generating keypair
[23:00:40 INFO]: Starting Minecraft server on *:25565
[23:00:40 INFO]: Using epoll channel type
[23:00:40 INFO]: Set PluginClassLoader as parallel capable
[23:00:40 INFO]: [RaspberryJuice] Loading RaspberryJuice v1.12.1
[23:00:40 INFO]: **** Beginning UUID conversion, this may take A LONG time ****
[23:00:40 INFO]: Preparing level "world"
[23:00:40 INFO]: -------- World Settings For [world] --------
[23:00:40 INFO]: Cactus Growth Modifier: 100%
[23:00:40 INFO]: Cane Growth Modifier: 100%
[23:00:40 INFO]: Melon Growth Modifier: 100%
[23:00:40 INFO]: Mushroom Growth Modifier: 100%
[23:00:40 INFO]: Pumpkin Growth Modifier: 100%
[23:00:40 INFO]: Sapling Growth Modifier: 100%
[23:00:40 INFO]: Wheat Growth Modifier: 100%
[23:00:40 INFO]: NetherWart Growth Modifier: 100%
[23:00:40 INFO]: Vine Growth Modifier: 100%
[23:00:40 INFO]: Cocoa Growth Modifier: 100%
[23:00:40 INFO]: Mob Spawn Range: 4
[23:00:40 INFO]: Entity Activation Range: An 32 / Mo 32 / Mi 16
[23:00:40 INFO]: Entity Tracking Range: Pl 48 / An 48 / Mo 48 / Mi 32 / Other 64
[23:00:40 INFO]: Hopper Transfer: 8 Hopper Check: 1 Hopper Amount: 1
[23:00:40 INFO]: Random Lighting Updates: false
[23:00:40 INFO]: Structure Info Saving: true
[23:00:40 INFO]: Custom Map Seeds:  Village: 10387312 Feature: 14357617 Monument: 10387313 Slime: 987234911
[23:00:41 INFO]: Max TNT Explosions: 100
[23:00:41 INFO]: Tile Max Tick Time: 50ms Entity max Tick Time: 50ms
[23:00:41 INFO]: Allow Zombie Pigmen to spawn from portal blocks: true
[23:00:41 INFO]: Item Despawn Rate: 6000
[23:00:41 INFO]: Item Merge Radius: 2.5
[23:00:41 INFO]: Arrow Despawn Rate: 1200
[23:00:41 INFO]: View Distance: 10
[23:00:41 INFO]: Experience Merge Radius: 3.0
[23:00:41 INFO]: Zombie Aggressive Towards Villager: true
[23:00:41 INFO]: Nerfing mobs spawned from spawners: false
[23:00:41 INFO]: -------- World Settings For [world_nether] --------
[23:00:41 INFO]: Cactus Growth Modifier: 100%
[23:00:41 INFO]: Cane Growth Modifier: 100%
[23:00:41 INFO]: Melon Growth Modifier: 100%
[23:00:41 INFO]: Mushroom Growth Modifier: 100%
[23:00:41 INFO]: Pumpkin Growth Modifier: 100%
[23:00:41 INFO]: Sapling Growth Modifier: 100%
[23:00:41 INFO]: Wheat Growth Modifier: 100%
[23:00:41 INFO]: NetherWart Growth Modifier: 100%
[23:00:41 INFO]: Vine Growth Modifier: 100%
[23:00:41 INFO]: Cocoa Growth Modifier: 100%
[23:00:41 INFO]: Mob Spawn Range: 4
[23:00:41 INFO]: Entity Activation Range: An 32 / Mo 32 / Mi 16
[23:00:41 INFO]: Entity Tracking Range: Pl 48 / An 48 / Mo 48 / Mi 32 / Other 64
[23:00:41 INFO]: Hopper Transfer: 8 Hopper Check: 1 Hopper Amount: 1
[23:00:41 INFO]: Random Lighting Updates: false
[23:00:41 INFO]: Structure Info Saving: true
[23:00:41 INFO]: Custom Map Seeds:  Village: 10387312 Feature: 14357617 Monument: 10387313 Slime: 987234911
[23:00:41 INFO]: Max TNT Explosions: 100
[23:00:41 INFO]: Tile Max Tick Time: 50ms Entity max Tick Time: 50ms
[23:00:41 INFO]: Allow Zombie Pigmen to spawn from portal blocks: true
[23:00:41 INFO]: Item Despawn Rate: 6000
[23:00:41 INFO]: Item Merge Radius: 2.5
[23:00:41 INFO]: Arrow Despawn Rate: 1200
[23:00:41 INFO]: View Distance: 10
[23:00:41 INFO]: Experience Merge Radius: 3.0
[23:00:41 INFO]: Zombie Aggressive Towards Villager: true
[23:00:41 INFO]: Nerfing mobs spawned from spawners: false
[23:00:42 INFO]: -------- World Settings For [world_the_end] --------
[23:00:42 INFO]: Cactus Growth Modifier: 100%
[23:00:42 INFO]: Cane Growth Modifier: 100%
[23:00:42 INFO]: Melon Growth Modifier: 100%
[23:00:42 INFO]: Mushroom Growth Modifier: 100%
[23:00:42 INFO]: Pumpkin Growth Modifier: 100%
[23:00:42 INFO]: Sapling Growth Modifier: 100%
[23:00:42 INFO]: Wheat Growth Modifier: 100%
[23:00:42 INFO]: NetherWart Growth Modifier: 100%
[23:00:42 INFO]: Vine Growth Modifier: 100%
[23:00:42 INFO]: Cocoa Growth Modifier: 100%
[23:00:42 INFO]: Mob Spawn Range: 4
[23:00:42 INFO]: Entity Activation Range: An 32 / Mo 32 / Mi 16
[23:00:42 INFO]: Entity Tracking Range: Pl 48 / An 48 / Mo 48 / Mi 32 / Other 64
[23:00:42 INFO]: Hopper Transfer: 8 Hopper Check: 1 Hopper Amount: 1
[23:00:42 INFO]: Random Lighting Updates: false
[23:00:42 INFO]: Structure Info Saving: true
[23:00:42 INFO]: Custom Map Seeds:  Village: 10387312 Feature: 14357617 Monument: 10387313 Slime: 987234911
[23:00:42 INFO]: Max TNT Explosions: 100
[23:00:42 INFO]: Tile Max Tick Time: 50ms Entity max Tick Time: 50ms
[23:00:42 INFO]: Allow Zombie Pigmen to spawn from portal blocks: true
[23:00:42 INFO]: Item Despawn Rate: 6000
[23:00:42 INFO]: Item Merge Radius: 2.5
[23:00:42 INFO]: Arrow Despawn Rate: 1200
[23:00:42 INFO]: View Distance: 10
[23:00:42 INFO]: Experience Merge Radius: 3.0
[23:00:42 INFO]: Zombie Aggressive Towards Villager: true
[23:00:42 INFO]: Nerfing mobs spawned from spawners: false
[23:00:42 INFO]: Preparing start region for level 0 (Seed: -4450422999732871807)
[23:00:43 INFO]: Preparing spawn area: 2%
[23:00:44 INFO]: Preparing spawn area: 34%
[23:00:45 INFO]: Preparing spawn area: 70%
[23:00:45 INFO]: Preparing start region for level 1 (Seed: 2837984339041364250)
[23:00:46 INFO]: Preparing spawn area: 83%
[23:00:46 INFO]: Preparing start region for level 2 (Seed: 2837984339041364250)
[23:00:47 INFO]: [RaspberryJuice] Enabling RaspberryJuice v1.12.1
[23:00:47 INFO]: [RaspberryJuice] Using host:port - 0.0.0.0:4711
[23:00:47 INFO]: [RaspberryJuice] Using RELATIVE locations
[23:00:47 INFO]: [RaspberryJuice] Using RIGHT clicks for hits
[23:00:47 INFO]: [RaspberryJuice] ThreadListener Started
[23:00:47 INFO]: Server permissions file permissions.yml is empty, ignoring it
[23:00:47 INFO]: Done (6,310s)! For help, type "help" or "?"
[23:00:56 INFO]: UUID of player Minepluie is cf7af86a-2813-4d28-9214-fca6c7fb89ea
[23:00:57 INFO]: Welcome Minepluie

[23:00:57 INFO]: Minepluie[/127.0.0.1:59834] logged in with entity id 39 at ([world]204.54622223698604, 62.0, 256.66773483266974)
[23:00:57 INFO]: [RaspberryJuice] Starting input thread
[23:00:57 INFO]: [RaspberryJuice] Opened connection to/127.0.0.1:44110.
[23:00:57 INFO]: [RaspberryJuice] Starting output thread!
[23:00:57 INFO]: 🎃 Chasse aux bonbons lancée !

[23:01:06 INFO]: Minepluie issued server command: /clear
[23:01:11 INFO]: Cleared the inventory of Minepluie, removing 68 items
[23:01:18 INFO]: Given [Bread] * 64 to Minepluie
[23:01:46 INFO]: 🍬 Bonbon récupéré !

[23:01:52 INFO]: 🍬 Bonbon récupéré !

[23:02:04 INFO]: 🍬 Bonbon récupéré !

[23:02:06 INFO]: 🍬 Bonbon récupéré !

[23:02:30 INFO]: 🍬 Bonbon récupéré !

[23:02:34 INFO]: 🍬 Bonbon récupéré !

[23:03:05 INFO]: 🍬 Bonbon récupéré !

[23:03:09 INFO]: Minepluie tried to swim in lava
[23:03:25 INFO]: Given [Bread] * 64 to Minepluie
[23:04:07 INFO]: Minepluie tried to swim in lava
[23:05:57 INFO]: Minepluie tried to swim in lava
[23:07:11 INFO]: Minepluie tried to swim in lava
[23:08:23 INFO]: 🍬 Bonbon récupéré !

[23:08:34 INFO]: 🍬 Bonbon récupéré !

[23:09:03 INFO]: 🍬 Bonbon récupéré !

[23:09:03 INFO]: 🎉 Vous avez tout trouvé !

[23:09:37 INFO]: 🏆 Tu as gagné ! Félicitations 🎃

[23:09:37 INFO]: [RaspberryJuice] Closed connection to/127.0.0.1:44110.
[23:10:34 INFO]: Stopping server
[23:10:34 INFO]: [RaspberryJuice] Disabling RaspberryJuice v1.12.1
Loading libraries, please wait...
[23:10:52 INFO]: Starting minecraft server version 1.12.1
[23:10:52 INFO]: Loading properties
[23:10:52 INFO]: Default game type: ADVENTURE
[23:10:52 INFO]: This server is running CraftBukkit version git-Spigot-da42974-8f47214 (MC: 1.12.1) (Implementing API version 1.12.1-R0.1-SNAPSHOT)
[23:10:52 INFO]: Debug logging is disabled
[23:10:52 INFO]: Server Ping Player Sample Count: 12

[23:10:52 INFO]: Using 4 threads for Netty based IO
[23:10:52 INFO]: Generating keypair
[23:10:52 INFO]: Starting Minecraft server on *:25565
[23:10:52 INFO]: Using epoll channel type
[23:10:53 INFO]: Set PluginClassLoader as parallel capable
[23:10:53 INFO]: [RaspberryJuice] Loading RaspberryJuice v1.12.1
[23:10:53 INFO]: **** Beginning UUID conversion, this may take A LONG time ****
[23:10:53 INFO]: Preparing level "world"
[23:10:53 INFO]: -------- World Settings For [world] --------
[23:10:53 INFO]: Cactus Growth Modifier: 100%
[23:10:53 INFO]: Cane Growth Modifier: 100%
[23:10:53 INFO]: Melon Growth Modifier: 100%
[23:10:53 INFO]: Mushroom Growth Modifier: 100%
[23:10:53 INFO]: Pumpkin Growth Modifier: 100%
[23:10:53 INFO]: Sapling Growth Modifier: 100%
[23:10:53 INFO]: Wheat Growth Modifier: 100%
[23:10:53 INFO]: NetherWart Growth Modifier: 100%
[23:10:53 INFO]: Vine Growth Modifier: 100%
[23:10:53 INFO]: Cocoa Growth Modifier: 100%
[23:10:53 INFO]: Mob Spawn Range: 4
[23:10:53 INFO]: Entity Activation Range: An 32 / Mo 32 / Mi 16
[23:10:53 INFO]: Entity Tracking Range: Pl 48 / An 48 / Mo 48 / Mi 32 / Other 64
[23:10:53 INFO]: Hopper Transfer: 8 Hopper Check: 1 Hopper Amount: 1
[23:10:53 INFO]: Random Lighting Updates: false
[23:10:53 INFO]: Structure Info Saving: true
[23:10:53 INFO]: Custom Map Seeds:  Village: 10387312 Feature: 14357617 Monument: 10387313 Slime: 987234911
[23:10:53 INFO]: Max TNT Explosions: 100
[23:10:53 INFO]: Tile Max Tick Time: 50ms Entity max Tick Time: 50ms
[23:10:53 INFO]: Arrow Despawn Rate: 1200
[23:10:53 INFO]: Allow Zombie Pigmen to spawn from portal blocks: true
[23:10:53 INFO]: Item Despawn Rate: 6000
[23:10:53 INFO]: Item Merge Radius: 2.5
[23:10:53 INFO]: View Distance: 10
[23:10:53 INFO]: Experience Merge Radius: 3.0
[23:10:53 INFO]: Zombie Aggressive Towards Villager: true
[23:10:53 INFO]: Nerfing mobs spawned from spawners: false
[23:10:54 INFO]: -------- World Settings For [world_nether] --------
[23:10:54 INFO]: Cactus Growth Modifier: 100%
[23:10:54 INFO]: Cane Growth Modifier: 100%
[23:10:54 INFO]: Melon Growth Modifier: 100%
[23:10:54 INFO]: Mushroom Growth Modifier: 100%
[23:10:54 INFO]: Pumpkin Growth Modifier: 100%
[23:10:54 INFO]: Sapling Growth Modifier: 100%
[23:10:54 INFO]: Wheat Growth Modifier: 100%
[23:10:54 INFO]: NetherWart Growth Modifier: 100%
[23:10:54 INFO]: Vine Growth Modifier: 100%
[23:10:54 INFO]: Cocoa Growth Modifier: 100%
[23:10:54 INFO]: Mob Spawn Range: 4
[23:10:54 INFO]: Entity Activation Range: An 32 / Mo 32 / Mi 16
[23:10:54 INFO]: Entity Tracking Range: Pl 48 / An 48 / Mo 48 / Mi 32 / Other 64
[23:10:54 INFO]: Hopper Transfer: 8 Hopper Check: 1 Hopper Amount: 1
[23:10:54 INFO]: Random Lighting Updates: false
[23:10:54 INFO]: Structure Info Saving: true
[23:10:54 INFO]: Custom Map Seeds:  Village: 10387312 Feature: 14357617 Monument: 10387313 Slime: 987234911
[23:10:54 INFO]: Max TNT Explosions: 100
[23:10:54 INFO]: Tile Max Tick Time: 50ms Entity max Tick Time: 50ms
[23:10:54 INFO]: Arrow Despawn Rate: 1200
[23:10:54 INFO]: Allow Zombie Pigmen to spawn from portal blocks: true
[23:10:54 INFO]: Item Despawn Rate: 6000
[23:10:54 INFO]: Item Merge Radius: 2.5
[23:10:54 INFO]: View Distance: 10
[23:10:54 INFO]: Experience Merge Radius: 3.0
[23:10:54 INFO]: Zombie Aggressive Towards Villager: true
[23:10:54 INFO]: Nerfing mobs spawned from spawners: false
[23:10:54 INFO]: -------- World Settings For [world_the_end] --------
[23:10:54 INFO]: Cactus Growth Modifier: 100%
[23:10:54 INFO]: Cane Growth Modifier: 100%
[23:10:54 INFO]: Melon Growth Modifier: 100%
[23:10:54 INFO]: Mushroom Growth Modifier: 100%
[23:10:54 INFO]: Pumpkin Growth Modifier: 100%
[23:10:54 INFO]: Sapling Growth Modifier: 100%
[23:10:54 INFO]: Wheat Growth Modifier: 100%
[23:10:54 INFO]: NetherWart Growth Modifier: 100%
[23:10:54 INFO]: Vine Growth Modifier: 100%
[23:10:54 INFO]: Cocoa Growth Modifier: 100%
[23:10:54 INFO]: Mob Spawn Range: 4
[23:10:54 INFO]: Entity Activation Range: An 32 / Mo 32 / Mi 16
[23:10:54 INFO]: Entity Tracking Range: Pl 48 / An 48 / Mo 48 / Mi 32 / Other 64
[23:10:54 INFO]: Hopper Transfer: 8 Hopper Check: 1 Hopper Amount: 1
[23:10:54 INFO]: Random Lighting Updates: false
[23:10:54 INFO]: Structure Info Saving: true
[23:10:54 INFO]: Custom Map Seeds:  Village: 10387312 Feature: 14357617 Monument: 10387313 Slime: 987234911
[23:10:54 INFO]: Max TNT Explosions: 100
[23:10:54 INFO]: Tile Max Tick Time: 50ms Entity max Tick Time: 50ms
[23:10:54 INFO]: Arrow Despawn Rate: 1200
[23:10:54 INFO]: Allow Zombie Pigmen to spawn from portal blocks: true
[23:10:54 INFO]: Item Despawn Rate: 6000
[23:10:54 INFO]: Item Merge Radius: 2.5
[23:10:54 INFO]: View Distance: 10
[23:10:54 INFO]: Experience Merge Radius: 3.0
[23:10:54 INFO]: Zombie Aggressive Towards Villager: true
[23:10:54 INFO]: Nerfing mobs spawned from spawners: false
[23:10:54 INFO]: Preparing start region for level 0 (Seed: -4450422999732871807)
[23:10:55 INFO]: Preparing spawn area: 2%
[23:10:56 INFO]: Preparing spawn area: 44%
[23:10:57 INFO]: Preparing spawn area: 91%
[23:10:57 INFO]: Preparing start region for level 1 (Seed: 2837984339041364250)
[23:10:58 INFO]: Preparing spawn area: 78%
[23:10:58 INFO]: Preparing start region for level 2 (Seed: 2837984339041364250)
[23:10:59 INFO]: [RaspberryJuice] Enabling RaspberryJuice v1.12.1
[23:10:59 INFO]: [RaspberryJuice] Using host:port - 0.0.0.0:4711
[23:10:59 INFO]: [RaspberryJuice] Using RELATIVE locations
[23:10:59 INFO]: [RaspberryJuice] Using RIGHT clicks for hits
[23:10:59 INFO]: [RaspberryJuice] ThreadListener Started
[23:10:59 INFO]: Server permissions file permissions.yml is empty, ignoring it
[23:10:59 INFO]: Done (5,921s)! For help, type "help" or "?"
[23:11:01 INFO]: UUID of player Minepluie is cf7af86a-2813-4d28-9214-fca6c7fb89ea
[23:11:01 INFO]: Welcome Minepluie

[23:11:02 INFO]: Minepluie[/127.0.0.1:36478] logged in with entity id 38 at ([world]183.71319700862963, 63.0, 274.5956001694515)
[23:11:02 INFO]: [RaspberryJuice] Starting input thread
[23:11:02 INFO]: [RaspberryJuice] Starting output thread!
[23:11:02 INFO]: [RaspberryJuice] Opened connection to/127.0.0.1:50220.
[23:11:02 INFO]: 🎃 Chasse aux bonbons lancée !

[23:11:26 INFO]: 🍬 Bonbon récupéré !

[23:11:43 INFO]: 🍬 Bonbon récupéré !

[23:12:01 INFO]: Given [Bread] * 1 to Minepluie
[23:12:12 INFO]: Given [Bread] * 63 to Minepluie
[23:12:39 INFO]: 🍬 Bonbon récupéré !

[23:12:47 INFO]: 🍬 Bonbon récupéré !

[23:13:02 INFO]: Minepluie tried to swim in lava
[23:13:14 INFO]: Given [Bread] * 64 to Minepluie
[23:13:52 INFO]: Minepluie tried to swim in lava
[23:14:27 INFO]: 🍬 Bonbon récupéré !

[23:14:34 INFO]: 🍬 Bonbon récupéré !

[23:14:42 INFO]: 🍬 Bonbon récupéré !

[23:14:54 INFO]: Minepluie tried to swim in lava
[23:15:40 INFO]: Minepluie tried to swim in lava
[23:16:39 INFO]: Minepluie tried to swim in lava
[23:17:23 INFO]: Minepluie tried to swim in lava
[23:18:00 INFO]: Minepluie tried to swim in lava
[23:18:36 INFO]: Minepluie tried to swim in lava
[23:20:18 INFO]: 🍬 Bonbon récupéré !

[23:20:21 INFO]: 🍬 Bonbon récupéré !

[23:20:56 INFO]: 🍬 Bonbon récupéré !

[23:20:56 INFO]: 🎉 Vous avez tout trouvé !

[23:21:08 INFO]: 🏆 Tu as gagné ! Félicitations 🎃

[23:21:08 INFO]: [RaspberryJuice] Closed connection to/127.0.0.1:50220.
[23:21:24 INFO]: Minepluie lost connection: Disconnected
[23:21:24 INFO]: Minepluie left the game
[23:21:26 INFO]: Stopping server
[23:21:26 INFO]: Saving players
